// Jest Snapshot v1, https://goo.gl/fbAQLP

exports[`Signup page component test suit Signup page rendered successfully 1`] = `
<div
  className="page login-page"
>
  <h2
    className="text-center logo"
  >
    My Asana
  </h2>
  <div
    className="form-container"
  >
    <h2
      className="text-center"
    >
      Sign Up
    </h2>
    <form
      data-test="signup-form"
      onSubmit={[Function]}
    >
      <div
        className="form-group"
      >
        <label>
          Email address
        </label>
        <input
          className="form-control"
          id="email"
          name="email"
          onChange={[Function]}
          placeholder="Enter email"
          type="email"
          value=""
        />
        <small
          className="form-text text-muted"
          id="emailHelp"
        >
          We'll never share your email with anyone else.
        </small>
      </div>
      <div
        className="form-group"
      >
        <label>
          Password
        </label>
        <input
          className="form-control"
          id="password"
          name="password"
          onChange={[Function]}
          placeholder="Password"
          type="password"
          value=""
        />
      </div>
      <button
        className="btn btn-primary"
        type="submit"
      >
        Sign Up
      </button>
      <p>
        Already have an account?
        <Link
          replace={false}
          to="/signin"
        >
          Sign In
        </Link>
      </p>
    </form>
  </div>
</div>
`;
